
[1m[46m RUN [49m[22m [36mv4.1.0 [39m[90mD:/Projects/Guidewire/GigShield[39m

 [31mΓ¥»[39m src/pages/LandingPage.test.jsx [2m([22m[2m4 tests[22m[2m | [22m[31m4 failed[39m[2m)[22m[32m 45[2mms[22m[39m
[31m     [31m├ù[31m renders the main GigShield brand logo[39m[32m 29[2mms[22m[39m
[31m     [31m├ù[31m renders the marquee with payout text[39m[32m 5[2mms[22m[39m
[31m     [31m├ù[31m renders the main hero text overlapping[39m[32m 4[2mms[22m[39m
[31m     [31m├ù[31m renders the call to action buttons[39m[32m 5[2mms[22m[39m

[2m Test Files [22m [1m[31m1 failed[39m[22m[90m (1)[39m
[2m      Tests [22m [1m[31m4 failed[39m[22m[90m (4)[39m
[2m   Start at [22m 13:09:17
[2m   Duration [22m 2.95s[2m (transform 107ms, setup 0ms, import 599ms, tests 45ms, environment 1.84s)[22m

